printfTrace.h:15:6:ITM_SendChar	16	static
syscalls.c:46:6:initialise_monitor_handles	4	static
syscalls.c:50:5:_getpid	4	static
syscalls.c:55:5:_kill	16	static
syscalls.c:61:6:_exit	16	static
syscalls.c:67:27:_read	32	static
syscalls.c:79:27:_write	32	static
syscalls.c:91:5:_close	16	static
syscalls.c:97:5:_fstat	16	static
syscalls.c:103:5:_isatty	16	static
syscalls.c:108:5:_lseek	24	static
syscalls.c:113:5:_open	12	static
syscalls.c:119:5:_wait	16	static
syscalls.c:125:5:_unlink	16	static
syscalls.c:131:5:_times	16	static
syscalls.c:136:5:_stat	16	static
syscalls.c:142:5:_link	16	static
syscalls.c:148:5:_fork	8	static
syscalls.c:154:5:_execve	24	static
