printfTrace.h:15:6:ITM_SendChar	16	static
syscalls.c:45:6:initialise_monitor_handles	4	static
syscalls.c:49:5:_getpid	4	static
syscalls.c:54:5:_kill	16	static
syscalls.c:60:6:_exit	16	static
syscalls.c:66:27:_read	32	static
syscalls.c:78:27:_write	32	static
syscalls.c:90:5:_close	16	static
syscalls.c:96:5:_fstat	16	static
syscalls.c:102:5:_isatty	16	static
syscalls.c:107:5:_lseek	24	static
syscalls.c:112:5:_open	12	static
syscalls.c:118:5:_wait	16	static
syscalls.c:124:5:_unlink	16	static
syscalls.c:130:5:_times	16	static
syscalls.c:135:5:_stat	16	static
syscalls.c:141:5:_link	16	static
syscalls.c:147:5:_fork	8	static
syscalls.c:153:5:_execve	24	static
