cmsis_os2.c:168:22:SVC_Setup	4	static
cmsis_os2.c:185:12:osKernelInitialize	24	static,ignoring_inline_asm
cmsis_os2.c:206:12:osKernelGetInfo	24	static
cmsis_os2.c:224:17:osKernelGetState	16	static
cmsis_os2.c:249:12:osKernelStart	24	static,ignoring_inline_asm
cmsis_os2.c:272:9:osKernelLock	24	static,ignoring_inline_asm
cmsis_os2.c:299:9:osKernelUnlock	24	static,ignoring_inline_asm
cmsis_os2.c:331:9:osKernelRestoreLock	32	static,ignoring_inline_asm
cmsis_os2.c:367:10:osKernelGetTickCount	24	static,ignoring_inline_asm
cmsis_os2.c:379:10:osKernelGetTickFreq	4	static
cmsis_os2.c:383:10:osKernelGetSysTimerCount	32	static,ignoring_inline_asm
cmsis_os2.c:400:10:osKernelGetSysTimerFreq	4	static
cmsis_os2.c:406:14:osThreadNew	72	static,ignoring_inline_asm
cmsis_os2.c:471:13:osThreadGetName	40	static,ignoring_inline_asm
cmsis_os2.c:484:14:osThreadGetId	16	static
cmsis_os2.c:492:17:osThreadGetState	40	static,ignoring_inline_asm
cmsis_os2.c:514:10:osThreadGetStackSpace	40	static,ignoring_inline_asm
cmsis_os2.c:527:12:osThreadSetPriority	40	static,ignoring_inline_asm
cmsis_os2.c:545:14:osThreadGetPriority	40	static,ignoring_inline_asm
cmsis_os2.c:558:12:osThreadYield	24	static,ignoring_inline_asm
cmsis_os2.c:571:12:osThreadSuspend	40	static,ignoring_inline_asm
cmsis_os2.c:589:12:osThreadResume	40	static,ignoring_inline_asm
cmsis_os2.c:607:18:osThreadExit	8	static
cmsis_os2.c:614:12:osThreadTerminate	40	static,ignoring_inline_asm
cmsis_os2.c:643:10:osThreadGetCount	24	static,ignoring_inline_asm
cmsis_os2.c:655:10:osThreadEnumerate	40	static,ignoring_inline_asm
cmsis_os2.c:683:10:osThreadFlagsSet	48	static,ignoring_inline_asm
cmsis_os2.c:711:10:osThreadFlagsClear	40	static,ignoring_inline_asm
cmsis_os2.c:741:10:osThreadFlagsGet	32	static,ignoring_inline_asm
cmsis_os2.c:759:10:osThreadFlagsWait	64	static,ignoring_inline_asm
cmsis_os2.c:834:12:osDelay	32	static,ignoring_inline_asm
cmsis_os2.c:851:12:osDelayUntil	40	static,ignoring_inline_asm
cmsis_os2.c:881:13:TimerCallback	24	static
cmsis_os2.c:891:13:osTimerNew	64	static,ignoring_inline_asm
cmsis_os2.c:949:13:osTimerGetName	40	static,ignoring_inline_asm
cmsis_os2.c:962:12:osTimerStart	48	static,ignoring_inline_asm
cmsis_os2.c:983:12:osTimerStop	48	static,ignoring_inline_asm
cmsis_os2.c:1009:10:osTimerIsRunning	40	static,ignoring_inline_asm
cmsis_os2.c:1022:12:osTimerDelete	48	static,ignoring_inline_asm
cmsis_os2.c:1053:18:osEventFlagsNew	40	static,ignoring_inline_asm
cmsis_os2.c:1089:10:osEventFlagsSet	40	static,ignoring_inline_asm
cmsis_os2.c:1114:10:osEventFlagsClear	40	static,ignoring_inline_asm
cmsis_os2.c:1135:10:osEventFlagsGet	40	static,ignoring_inline_asm
cmsis_os2.c:1152:10:osEventFlagsWait	64	static,ignoring_inline_asm
cmsis_os2.c:1202:12:osEventFlagsDelete	40	static,ignoring_inline_asm
cmsis_os2.c:1226:13:osMutexNew	48	static,ignoring_inline_asm
cmsis_os2.c:1305:12:osMutexAcquire	40	static,ignoring_inline_asm
cmsis_os2.c:1346:12:osMutexRelease	40	static,ignoring_inline_asm
cmsis_os2.c:1379:14:osMutexGetOwner	40	static,ignoring_inline_asm
cmsis_os2.c:1394:12:osMutexDelete	40	static,ignoring_inline_asm
cmsis_os2.c:1423:17:osSemaphoreNew	56	static,ignoring_inline_asm
cmsis_os2.c:1490:12:osSemaphoreAcquire	40	static,ignoring_inline_asm
cmsis_os2.c:1527:12:osSemaphoreRelease	40	static,ignoring_inline_asm
cmsis_os2.c:1555:10:osSemaphoreGetCount	40	static,ignoring_inline_asm
cmsis_os2.c:1571:12:osSemaphoreDelete	40	static,ignoring_inline_asm
cmsis_os2.c:1599:20:osMessageQueueNew	56	static,ignoring_inline_asm
cmsis_os2.c:1652:12:osMessageQueuePut	48	static,ignoring_inline_asm
cmsis_os2.c:1693:12:osMessageQueueGet	48	static,ignoring_inline_asm
cmsis_os2.c:1734:10:osMessageQueueGetCapacity	24	static
cmsis_os2.c:1748:10:osMessageQueueGetMsgSize	24	static
cmsis_os2.c:1762:10:osMessageQueueGetCount	40	static,ignoring_inline_asm
cmsis_os2.c:1779:10:osMessageQueueGetSpace	56	static,ignoring_inline_asm
cmsis_os2.c:1802:12:osMessageQueueReset	40	static,ignoring_inline_asm
cmsis_os2.c:1820:12:osMessageQueueDelete	40	static,ignoring_inline_asm
cmsis_os2.c:1911:6:vApplicationGetIdleTaskMemory	24	static
cmsis_os2.c:1921:6:vApplicationGetTimerTaskMemory	24	static
